// Vitest Snapshot v1, https://vitest.dev/guide/snapshot.html

exports[`Pruebas en Entry Component > debe de hacer match con el snapshot 1`] = `
"<div data-v-4a9e2957="" class="mb-3 pointer p-2 entry-container">
  <!-- Titulo -->
  <div data-v-4a9e2957="" class="entry-tittle d-flex"><span data-v-4a9e2957="" class="text-success fs-5 fw-bold">23</span><span data-v-4a9e2957="" class="mx-1 fs-5">Julio</span><span data-v-4a9e2957="" class="mx-2 fw-light">2021, Viernes</span></div>
  <div data-v-4a9e2957="" class="entry-description">Hola mundo desde mock data</div>
</div>"
`;

exports[`Pruebas en Entry Component debe de hacer match con el snapshot 1`] = `
<div class="entry-container mb-3 pointer p-2">
  <!-- Titilo -->
  <div class="entry-title d-flex"><span class="text-success fs-5 fw-bold">23</span><span class="mx-1 fs-5">Julio</span><span class="mx-2 fw-light">2021, Viernes</span></div>
  <div class="entry-description">Hola mundo desde mock data</div>
</div>
`;
