// Vitest Snapshot v1, https://vitest.dev/guide/snapshot.html

exports[`Pruebas en el Home View > debe de renderizar el componente correctamente 1`] = `
"<div>
  <h1>Home</h1>
  <p>Welcome to the Home page</p><button class="btn btn-primary">boton</button><button class="btn btn-secondary">boton</button><button class="btn btn-success">boton</button>
</div>"
`;

exports[`Pruebas en el Home View debe de renderizar el componente correctamente 1`] = `
<div class="home"><img alt="Vue logo" src="">
  <h1>Hola Mundo</h1><button class="btn btn-primary">Primary</button><button class="btn btn-secondary">Secondary</button><button class="btn btn-success">Success</button>
</div>
`;
